// Jest Snapshot v1, https://goo.gl/fbAQLP

exports[`Root container renders correctly 1`] = `
<div
  className="ui loader"
/>
`;
